c:\users\youyo\desktop\smartparkingsystem\smart_parking.dir\release\parking_controller.obj
c:\users\youyo\desktop\smartparkingsystem\smart_parking.dir\release\message_controller.obj
c:\users\youyo\desktop\smartparkingsystem\smart_parking.dir\release\message_service.obj
c:\users\youyo\desktop\smartparkingsystem\smart_parking.dir\release\blacklist_controller.obj
c:\users\youyo\desktop\smartparkingsystem\smart_parking.dir\release\vehicle_service.obj
c:\users\youyo\desktop\smartparkingsystem\smart_parking.dir\release\report_controller.obj
c:\users\youyo\desktop\smartparkingsystem\smart_parking.dir\release\base_service.obj
c:\users\youyo\desktop\smartparkingsystem\smart_parking.dir\release\user_controller.obj
c:\users\youyo\desktop\smartparkingsystem\smart_parking.dir\release\auth_controller.obj
c:\users\youyo\desktop\smartparkingsystem\smart_parking.dir\release\plate_service.obj
c:\users\youyo\desktop\smartparkingsystem\smart_parking.dir\release\bulletin_controller.obj
c:\users\youyo\desktop\smartparkingsystem\smart_parking.dir\release\plate_controller.obj
c:\users\youyo\desktop\smartparkingsystem\smart_parking.dir\release\balance_controller.obj
c:\users\youyo\desktop\smartparkingsystem\smart_parking.dir\release\db_init.obj
c:\users\youyo\desktop\smartparkingsystem\smart_parking.dir\release\pass_plan_controller.obj
c:\users\youyo\desktop\smartparkingsystem\smart_parking.dir\release\config.obj
c:\users\youyo\desktop\smartparkingsystem\smart_parking.dir\release\reservation_service.obj
c:\users\youyo\desktop\smartparkingsystem\smart_parking.dir\release\base_controller.obj
c:\users\youyo\desktop\smartparkingsystem\smart_parking.dir\release\pass_plan_service.obj
c:\users\youyo\desktop\smartparkingsystem\smart_parking.dir\release\balance_service.obj
c:\users\youyo\desktop\smartparkingsystem\smart_parking.dir\release\blacklist_service.obj
c:\users\youyo\desktop\smartparkingsystem\smart_parking.dir\release\user_service.obj
c:\users\youyo\desktop\smartparkingsystem\smart_parking.dir\release\billing_service.obj
c:\users\youyo\desktop\smartparkingsystem\smart_parking.dir\release\plate_recognizer.obj
c:\users\youyo\desktop\smartparkingsystem\smart_parking.dir\release\parking_service.obj
c:\users\youyo\desktop\smartparkingsystem\smart_parking.dir\release\report_service.obj
c:\users\youyo\desktop\smartparkingsystem\smart_parking.dir\release\vehicle_controller.obj
c:\users\youyo\desktop\smartparkingsystem\smart_parking.dir\release\mysql_pool.obj
c:\users\youyo\desktop\smartparkingsystem\smart_parking.dir\release\main.obj
c:\users\youyo\desktop\smartparkingsystem\smart_parking.dir\release\auth_service.obj
c:\users\youyo\desktop\smartparkingsystem\smart_parking.dir\release\reservation_controller.obj
c:\users\youyo\desktop\smartparkingsystem\cmakefiles\generate.stamp
c:\users\youyo\desktop\smartparkingsystem\release\smart_parking.exe
c:\users\youyo\desktop\smartparkingsystem\smart_parking.dir\release\smart_parking.tlog\cl.13216.write.1.tlog
c:\users\youyo\desktop\smartparkingsystem\smart_parking.dir\release\smart_parking.tlog\cl.command.1.tlog
c:\users\youyo\desktop\smartparkingsystem\smart_parking.dir\release\smart_parking.tlog\cl.items.tlog
c:\users\youyo\desktop\smartparkingsystem\smart_parking.dir\release\smart_parking.tlog\cl.read.1.tlog
c:\users\youyo\desktop\smartparkingsystem\smart_parking.dir\release\smart_parking.tlog\custombuild.command.1.tlog
c:\users\youyo\desktop\smartparkingsystem\smart_parking.dir\release\smart_parking.tlog\custombuild.read.1.tlog
c:\users\youyo\desktop\smartparkingsystem\smart_parking.dir\release\smart_parking.tlog\custombuild.write.1.tlog
c:\users\youyo\desktop\smartparkingsystem\smart_parking.dir\release\smart_parking.tlog\link.command.1.tlog
c:\users\youyo\desktop\smartparkingsystem\smart_parking.dir\release\smart_parking.tlog\link.read.1.tlog
c:\users\youyo\desktop\smartparkingsystem\smart_parking.dir\release\smart_parking.tlog\link.secondary.1.tlog
c:\users\youyo\desktop\smartparkingsystem\smart_parking.dir\release\smart_parking.tlog\link.write.1.tlog
