计费规则 (8 条):
  标准计费     | 30分钟内免费，之后每小时5元，每日封顶50元
  阶梯计费     | 前2小时每小时5元，2-4小时每小时3元，4小时以上每小时2元
  会员计费     | 会员享受60分钟免费，之后每小时3元，每日封顶30元
  特殊车辆     | 军车、警车、消防车等特殊车辆免费
  标准计费     | 30分钟内免费，之后每小时5元，每日封顶50元
  阶梯计费     | 前2小时每小时5元，2-4小时每小时3元，4小时以上每小时2元
  会员计费     | 会员享受60分钟免费，之后每小时3元，每日封顶30元
  特殊车辆     | 军车、警车、消防车等特殊车辆免费
