c:\users\youyo\desktop\smartparkingsystem\smart_parking.dir\debug\reservation_controller.obj
c:\users\youyo\desktop\smartparkingsystem\smart_parking.dir\debug\auth_service.obj
c:\users\youyo\desktop\smartparkingsystem\smart_parking.dir\debug\reservation_service.obj
c:\users\youyo\desktop\smartparkingsystem\smart_parking.dir\debug\bulletin_controller.obj
c:\users\youyo\desktop\smartparkingsystem\smart_parking.dir\debug\blacklist_controller.obj
c:\users\youyo\desktop\smartparkingsystem\smart_parking.dir\debug\message_controller.obj
c:\users\youyo\desktop\smartparkingsystem\smart_parking.dir\debug\plate_controller.obj
c:\users\youyo\desktop\smartparkingsystem\smart_parking.dir\debug\message_service.obj
c:\users\youyo\desktop\smartparkingsystem\smart_parking.dir\debug\vehicle_controller.obj
c:\users\youyo\desktop\smartparkingsystem\smart_parking.dir\debug\blacklist_service.obj
c:\users\youyo\desktop\smartparkingsystem\smart_parking.dir\debug\plate_recognizer.obj
c:\users\youyo\desktop\smartparkingsystem\smart_parking.dir\debug\parking_service.obj
c:\users\youyo\desktop\smartparkingsystem\smart_parking.dir\debug\main.obj
c:\users\youyo\desktop\smartparkingsystem\smart_parking.dir\debug\auth_controller.obj
c:\users\youyo\desktop\smartparkingsystem\smart_parking.dir\debug\plate_service.obj
c:\users\youyo\desktop\smartparkingsystem\smart_parking.dir\debug\db_init.obj
c:\users\youyo\desktop\smartparkingsystem\smart_parking.dir\debug\report_controller.obj
c:\users\youyo\desktop\smartparkingsystem\smart_parking.dir\debug\config.obj
c:\users\youyo\desktop\smartparkingsystem\smart_parking.dir\debug\balance_service.obj
c:\users\youyo\desktop\smartparkingsystem\smart_parking.dir\debug\base_controller.obj
c:\users\youyo\desktop\smartparkingsystem\smart_parking.dir\debug\report_service.obj
c:\users\youyo\desktop\smartparkingsystem\smart_parking.dir\debug\user_controller.obj
c:\users\youyo\desktop\smartparkingsystem\smart_parking.dir\debug\mysql_pool.obj
c:\users\youyo\desktop\smartparkingsystem\smart_parking.dir\debug\vehicle_service.obj
c:\users\youyo\desktop\smartparkingsystem\smart_parking.dir\debug\billing_service.obj
c:\users\youyo\desktop\smartparkingsystem\smart_parking.dir\debug\parking_controller.obj
c:\users\youyo\desktop\smartparkingsystem\smart_parking.dir\debug\base_service.obj
c:\users\youyo\desktop\smartparkingsystem\smart_parking.dir\debug\user_service.obj
c:\users\youyo\desktop\smartparkingsystem\smart_parking.dir\debug\balance_controller.obj
c:\users\youyo\desktop\smartparkingsystem\smart_parking.dir\debug\pass_plan_service.obj
c:\users\youyo\desktop\smartparkingsystem\smart_parking.dir\debug\pass_plan_controller.obj
c:\users\youyo\desktop\smartparkingsystem\smart_parking.dir\debug\vc143.pdb
c:\users\youyo\desktop\smartparkingsystem\cmakefiles\generate.stamp
c:\users\youyo\desktop\smartparkingsystem\debug\smart_parking.exe
c:\users\youyo\desktop\smartparkingsystem\debug\smart_parking.pdb
c:\users\youyo\desktop\smartparkingsystem\smart_parking.dir\debug\smart_parking.ilk
c:\users\youyo\desktop\smartparkingsystem\smart_parking.dir\debug\smart_parking.tlog\cl.command.1.tlog
c:\users\youyo\desktop\smartparkingsystem\smart_parking.dir\debug\smart_parking.tlog\cl.items.tlog
c:\users\youyo\desktop\smartparkingsystem\smart_parking.dir\debug\smart_parking.tlog\cl.read.1.tlog
c:\users\youyo\desktop\smartparkingsystem\smart_parking.dir\debug\smart_parking.tlog\cl.write.1.tlog
c:\users\youyo\desktop\smartparkingsystem\smart_parking.dir\debug\smart_parking.tlog\custombuild.command.1.tlog
c:\users\youyo\desktop\smartparkingsystem\smart_parking.dir\debug\smart_parking.tlog\custombuild.read.1.tlog
c:\users\youyo\desktop\smartparkingsystem\smart_parking.dir\debug\smart_parking.tlog\custombuild.write.1.tlog
c:\users\youyo\desktop\smartparkingsystem\smart_parking.dir\debug\smart_parking.tlog\link.command.1.tlog
c:\users\youyo\desktop\smartparkingsystem\smart_parking.dir\debug\smart_parking.tlog\link.read.1.tlog
c:\users\youyo\desktop\smartparkingsystem\smart_parking.dir\debug\smart_parking.tlog\link.secondary.1.tlog
c:\users\youyo\desktop\smartparkingsystem\smart_parking.dir\debug\smart_parking.tlog\link.write.1.tlog
